stm32f7xx_hal_spi.c:3385:26:SPI_WaitFifoStateUntilTimeout.part.1	0	static
stm32f7xx_hal_spi.c:3646:13:SPI_AbortRx_ISR	24	static
stm32f7xx_hal_spi.c:3479:26:SPI_EndRxTxTransaction.constprop	24	static
stm32f7xx_hal_spi.c:3688:13:SPI_AbortTx_ISR	24	static
stm32f7xx_hal_spi.c:3479:26:SPI_EndRxTxTransaction	24	static
stm32f7xx_hal_spi.c:3444:26:SPI_EndRxTransaction.constprop	24	static
stm32f7xx_hal_spi.c:422:13:HAL_SPI_MspInit	0	static
stm32f7xx_hal_spi.c:263:19:HAL_SPI_Init	24	static
stm32f7xx_hal_spi.c:438:13:HAL_SPI_MspDeInit	0	static
stm32f7xx_hal_spi.c:388:19:HAL_SPI_DeInit	8	static
stm32f7xx_hal_spi.c:494:19:HAL_SPI_Transmit	32	static
stm32f7xx_hal_spi.c:652:19:HAL_SPI_Receive	40	static
stm32f7xx_hal_spi.c:883:19:HAL_SPI_TransmitReceive	24	static
stm32f7xx_hal_spi.c:1165:19:HAL_SPI_Transmit_IT	16	static
stm32f7xx_hal_spi.c:1248:19:HAL_SPI_Receive_IT	12	static
stm32f7xx_hal_spi.c:1353:19:HAL_SPI_TransmitReceive_IT	8	static
stm32f7xx_hal_spi.c:1460:19:HAL_SPI_Transmit_DMA	24	static
stm32f7xx_hal_spi.c:1570:19:HAL_SPI_Receive_DMA	24	static
stm32f7xx_hal_spi.c:1687:19:HAL_SPI_TransmitReceive_DMA	24	static
stm32f7xx_hal_spi.c:1854:19:HAL_SPI_Abort	32	static
stm32f7xx_hal_spi.c:2168:19:HAL_SPI_DMAPause	4	static
stm32f7xx_hal_spi.c:2188:19:HAL_SPI_DMAResume	4	static
stm32f7xx_hal_spi.c:2208:19:HAL_SPI_DMAStop	8	static
stm32f7xx_hal_spi.c:2335:13:HAL_SPI_TxCpltCallback	0	static
stm32f7xx_hal_spi.c:2351:13:HAL_SPI_RxCpltCallback	0	static
stm32f7xx_hal_spi.c:2367:13:HAL_SPI_TxRxCpltCallback	0	static
stm32f7xx_hal_spi.c:2383:13:HAL_SPI_TxHalfCpltCallback	0	static
stm32f7xx_hal_spi.c:2744:13:SPI_DMAHalfTransmitCplt	8	static
stm32f7xx_hal_spi.c:2399:13:HAL_SPI_RxHalfCpltCallback	0	static
stm32f7xx_hal_spi.c:2757:13:SPI_DMAHalfReceiveCplt	8	static
stm32f7xx_hal_spi.c:2415:13:HAL_SPI_TxRxHalfCpltCallback	0	static
stm32f7xx_hal_spi.c:2770:13:SPI_DMAHalfTransmitReceiveCplt	8	static
stm32f7xx_hal_spi.c:2431:13:HAL_SPI_ErrorCallback	0	static
stm32f7xx_hal_spi.c:3303:13:SPI_TxISR_16BIT	16	static
stm32f7xx_hal_spi.c:3246:13:SPI_RxISR_16BIT	8	static
stm32f7xx_hal_spi.c:2941:13:SPI_2linesRxISR_8BIT	8	static
stm32f7xx_hal_spi.c:2783:13:SPI_DMAError	8	static
stm32f7xx_hal_spi.c:2521:13:SPI_DMATransmitCplt	24	static
stm32f7xx_hal_spi.c:2568:13:SPI_DMAReceiveCplt	16	static
stm32f7xx_hal_spi.c:2659:13:SPI_DMATransmitReceiveCplt	16	static
stm32f7xx_hal_spi.c:2239:6:HAL_SPI_IRQHandler	32	static
stm32f7xx_hal_spi.c:2801:13:SPI_DMAAbortOnError	8	static
stm32f7xx_hal_spi.c:3190:13:SPI_RxISR_8BIT	8	static
stm32f7xx_hal_spi.c:3279:13:SPI_TxISR_8BIT	16	static
stm32f7xx_hal_spi.c:3069:13:SPI_2linesRxISR_16BIT	8	static
stm32f7xx_hal_spi.c:3127:13:SPI_2linesTxISR_16BIT	8	static
stm32f7xx_hal_spi.c:3023:13:SPI_2linesTxISR_8BIT	8	static
stm32f7xx_hal_spi.c:2449:13:HAL_SPI_AbortCpltCallback	0	static
stm32f7xx_hal_spi.c:1993:19:HAL_SPI_Abort_IT	24	static
stm32f7xx_hal_spi.c:2880:13:SPI_DMARxAbortCallback	32	static
stm32f7xx_hal_spi.c:2818:13:SPI_DMATxAbortCallback	32	static
stm32f7xx_hal_spi.c:2484:22:HAL_SPI_GetState	0	static
stm32f7xx_hal_spi.c:2496:10:HAL_SPI_GetError	0	static
