stm32f7xx_hal_can.c:414:13:HAL_CAN_MspInit	0	static
stm32f7xx_hal_can.c:222:19:HAL_CAN_Init	24	static
stm32f7xx_hal_can.c:430:13:HAL_CAN_MspDeInit	0	static
stm32f7xx_hal_can.c:378:19:HAL_CAN_DeInit	16	static
stm32f7xx_hal_can.c:468:19:HAL_CAN_ConfigFilter	16	static
stm32f7xx_hal_can.c:661:19:HAL_CAN_Start	16	static
stm32f7xx_hal_can.c:713:19:HAL_CAN_Stop	16	static
stm32f7xx_hal_can.c:768:19:HAL_CAN_RequestSleep	0	static
stm32f7xx_hal_can.c:797:19:HAL_CAN_WakeUp	8	static
stm32f7xx_hal_can.c:842:10:HAL_CAN_IsSleepActive	0	static
stm32f7xx_hal_can.c:872:19:HAL_CAN_AddTxMessage	16	static
stm32f7xx_hal_can.c:969:19:HAL_CAN_AbortTxRequest	0	static
stm32f7xx_hal_can.c:1016:10:HAL_CAN_GetTxMailboxesFreeLevel	0	static
stm32f7xx_hal_can.c:1058:10:HAL_CAN_IsTxMessagePending	0	static
stm32f7xx_hal_can.c:1089:10:HAL_CAN_GetTxTimestamp	0	static
stm32f7xx_hal_can.c:1122:19:HAL_CAN_GetRxMessage	20	static
stm32f7xx_hal_can.c:1210:10:HAL_CAN_GetRxFifoFillLevel	0	static
stm32f7xx_hal_can.c:1262:19:HAL_CAN_ActivateNotification	0	static
stm32f7xx_hal_can.c:1293:19:HAL_CAN_DeactivateNotification	0	static
stm32f7xx_hal_can.c:1668:13:HAL_CAN_TxMailbox0CompleteCallback	0	static
stm32f7xx_hal_can.c:1685:13:HAL_CAN_TxMailbox1CompleteCallback	0	static
stm32f7xx_hal_can.c:1702:13:HAL_CAN_TxMailbox2CompleteCallback	0	static
stm32f7xx_hal_can.c:1719:13:HAL_CAN_TxMailbox0AbortCallback	0	static
stm32f7xx_hal_can.c:1736:13:HAL_CAN_TxMailbox1AbortCallback	0	static
stm32f7xx_hal_can.c:1753:13:HAL_CAN_TxMailbox2AbortCallback	0	static
stm32f7xx_hal_can.c:1770:13:HAL_CAN_RxFifo0MsgPendingCallback	0	static
stm32f7xx_hal_can.c:1787:13:HAL_CAN_RxFifo0FullCallback	0	static
stm32f7xx_hal_can.c:1804:13:HAL_CAN_RxFifo1MsgPendingCallback	0	static
stm32f7xx_hal_can.c:1821:13:HAL_CAN_RxFifo1FullCallback	0	static
stm32f7xx_hal_can.c:1838:13:HAL_CAN_SleepCallback	0	static
stm32f7xx_hal_can.c:1854:13:HAL_CAN_WakeUpFromRxMsgCallback	0	static
stm32f7xx_hal_can.c:1871:13:HAL_CAN_ErrorCallback	0	static
stm32f7xx_hal_can.c:1322:6:HAL_CAN_IRQHandler	40	static
stm32f7xx_hal_can.c:1908:22:HAL_CAN_GetState	0	static
stm32f7xx_hal_can.c:1939:10:HAL_CAN_GetError	0	static
stm32f7xx_hal_can.c:1951:19:HAL_CAN_ResetError	0	static
