stm32f7xx_hal_pcd.c:241:13:HAL_PCD_MspInit	0	static
stm32f7xx_hal_pcd.c:133:19:HAL_PCD_Init	80	static
stm32f7xx_hal_pcd.c:256:13:HAL_PCD_MspDeInit	0	static
stm32f7xx_hal_pcd.c:215:19:HAL_PCD_DeInit	8	static
stm32f7xx_hal_pcd.c:290:19:HAL_PCD_Start	8	static
stm32f7xx_hal_pcd.c:304:19:HAL_PCD_Stop	8	static
stm32f7xx_hal_pcd.c:723:14:HAL_PCD_DataOutStageCallback	0	static
stm32f7xx_hal_pcd.c:739:14:HAL_PCD_DataInStageCallback	0	static
stm32f7xx_hal_pcd.c:753:14:HAL_PCD_SetupStageCallback	0	static
stm32f7xx_hal_pcd.c:768:14:HAL_PCD_SOFCallback	0	static
stm32f7xx_hal_pcd.c:783:14:HAL_PCD_ResetCallback	0	static
stm32f7xx_hal_pcd.c:798:14:HAL_PCD_SuspendCallback	0	static
stm32f7xx_hal_pcd.c:813:14:HAL_PCD_ResumeCallback	0	static
stm32f7xx_hal_pcd.c:829:14:HAL_PCD_ISOOUTIncompleteCallback	0	static
stm32f7xx_hal_pcd.c:845:14:HAL_PCD_ISOINIncompleteCallback	0	static
stm32f7xx_hal_pcd.c:860:14:HAL_PCD_ConnectCallback	0	static
stm32f7xx_hal_pcd.c:875:14:HAL_PCD_DisconnectCallback	0	static
stm32f7xx_hal_pcd.c:319:6:HAL_PCD_IRQHandler	72	static
stm32f7xx_hal_pcd.c:909:19:HAL_PCD_DevConnect	8	static
stm32f7xx_hal_pcd.c:922:19:HAL_PCD_DevDisconnect	8	static
stm32f7xx_hal_pcd.c:936:19:HAL_PCD_SetAddress	8	static
stm32f7xx_hal_pcd.c:951:19:HAL_PCD_EP_Open	16	static
stm32f7xx_hal_pcd.c:993:19:HAL_PCD_EP_Close	8	static
stm32f7xx_hal_pcd.c:1024:19:HAL_PCD_EP_Receive	16	static
stm32f7xx_hal_pcd.c:1060:10:HAL_PCD_EP_GetRxCount	0	static
stm32f7xx_hal_pcd.c:1072:19:HAL_PCD_EP_Transmit	24	static
stm32f7xx_hal_pcd.c:1108:19:HAL_PCD_EP_SetStall	16	static
stm32f7xx_hal_pcd.c:1148:19:HAL_PCD_EP_ClrStall	16	static
stm32f7xx_hal_pcd.c:1183:19:HAL_PCD_EP_Flush	8	static
stm32f7xx_hal_pcd.c:1206:19:HAL_PCD_ActivateRemoteWakeup	0	static
stm32f7xx_hal_pcd.c:1223:19:HAL_PCD_DeActivateRemoteWakeup	0	static
stm32f7xx_hal_pcd.c:1255:18:HAL_PCD_GetState	0	static
