usbd_core.c:94:20:USBD_Init	8	static
usbd_core.c:130:20:USBD_DeInit	8	static
usbd_core.c:155:21:USBD_RegisterClass	0	static
usbd_core.c:179:21:USBD_Start	8	static
usbd_core.c:194:21:USBD_Stop	8	static
usbd_core.c:211:21:USBD_RunTestMode	0	static
usbd_core.c:225:20:USBD_SetClassConfig	8	static
usbd_core.c:247:20:USBD_ClrClassConfig	8	static
usbd_core.c:261:20:USBD_LL_SetupStage	16	static
usbd_core.c:297:20:USBD_LL_DataOutStage	16	static
usbd_core.c:341:20:USBD_LL_DataInStage	16	static
usbd_core.c:413:20:USBD_LL_Reset	16	static
usbd_core.c:449:20:USBD_LL_SetSpeed	0	static
usbd_core.c:462:20:USBD_LL_Suspend	0	static
usbd_core.c:476:20:USBD_LL_Resume	0	static
usbd_core.c:489:20:USBD_LL_SOF	8	static
usbd_core.c:507:20:USBD_LL_IsoINIncomplete	0	static
usbd_core.c:518:20:USBD_LL_IsoOUTIncomplete	0	static
usbd_core.c:529:20:USBD_LL_DevConnected	0	static
usbd_core.c:540:20:USBD_LL_DevDisconnected	8	static
