usbd_cdc.c:667:17:USBD_CDC_DataIn	0	static
usbd_cdc.c:721:17:USBD_CDC_EP0_RxReady	8	static
usbd_cdc.c:743:18:USBD_CDC_GetFSCfgDesc	0	static
usbd_cdc.c:756:18:USBD_CDC_GetHSCfgDesc	0	static
usbd_cdc.c:769:18:USBD_CDC_GetOtherSpeedCfgDesc	0	static
usbd_cdc.c:781:11:USBD_CDC_GetDeviceQualifierDescriptor	0	static
usbd_cdc.c:691:17:USBD_CDC_DataOut	16	static
usbd_cdc.c:602:17:USBD_CDC_Setup	24	static
usbd_cdc.c:566:17:USBD_CDC_DeInit	8	static
usbd_cdc.c:478:17:USBD_CDC_Init	24	static
usbd_cdc.c:793:10:USBD_CDC_RegisterInterface	0	static
usbd_cdc.c:813:10:USBD_CDC_SetTxBuffer	0	static
usbd_cdc.c:832:10:USBD_CDC_SetRxBuffer	0	static
usbd_cdc.c:849:10:USBD_CDC_TransmitPacket	16	static
usbd_cdc.c:886:10:USBD_CDC_ReceivePacket	8	static
