tasks.c:2195:16:prvSearchForNameWithinSingleList	16	static
tasks.c:4692:13:prvAddCurrentTaskToDelayedList	24	static
tasks.c:676:13:xTaskCreate	40	static
tasks.c:1048:7:vTaskDelete	16	static
tasks.c:1269:13:eTaskGetState	16	static
tasks.c:1340:14:uxTaskPriorityGet	8	static
tasks.c:1362:14:uxTaskPriorityGetFromISR	8	static
tasks.c:1402:7:vTaskPrioritySet	24	static
tasks.c:1566:7:vTaskSuspend	24	static
tasks.c:1702:7:vTaskResume	24	static
tasks.c:1756:13:xTaskResumeFromISR	24	static
tasks.c:1826:6:vTaskStartScheduler	24	static
tasks.c:1933:6:vTaskEndScheduler	0	static
tasks.c:1944:6:vTaskSuspendAll	0	static
tasks.c:2127:12:xTaskGetTickCount	0	static
tasks.c:2142:12:xTaskGetTickCountFromISR	8	static
tasks.c:2173:13:uxTaskGetNumberOfTasks	0	static
tasks.c:2181:7:pcTaskGetName	0	static
tasks.c:2499:12:xTaskIncrementTick	40	static
tasks.c:2017:12:xTaskResumeAll	40	static
tasks.c:1224:7:vTaskDelay	8	static
tasks.c:3131:8:prvIdleTask	16	static
tasks.c:2256:15:xTaskGetHandle	24	static
tasks.c:3500:21:prvListTasksWithinSingleList.part.6	48	static
tasks.c:2321:14:uxTaskGetSystemState	24	static
tasks.c:2673:7:vTaskSetApplicationTaskTag	16	static
tasks.c:2700:21:xTaskGetApplicationTaskTag	8	static
tasks.c:2731:13:xTaskCallApplicationTaskHook	0	static
tasks.c:2761:6:vTaskSwitchContext	16	static
tasks.c:2820:6:vTaskPlaceOnEventList	16	static
tasks.c:2837:6:vTaskPlaceOnUnorderedEventList	16	static
tasks.c:2894:12:xTaskRemoveFromEventList	24	static
tasks.c:2962:12:xTaskRemoveFromUnorderedEventList	24	static
tasks.c:3007:6:vTaskSetTimeOutState	0	static
tasks.c:3015:12:xTaskCheckForTimeOut	24	static
tasks.c:3076:6:vTaskMissedYield	0	static
tasks.c:3084:14:uxTaskGetTaskNumber	0	static
tasks.c:3107:7:vTaskSetTaskNumber	0	static
tasks.c:3411:7:vTaskGetInfo	24	static
tasks.c:3661:15:xTaskGetCurrentTaskHandle	0	static
tasks.c:3678:13:xTaskGetSchedulerState	0	static
tasks.c:3706:7:vTaskPriorityInherit	24	static
tasks.c:3772:13:xTaskPriorityDisinherit	24	static
tasks.c:3942:7:vTaskList	48	static
tasks.c:4037:7:vTaskGetRunTimeStats	48	static
tasks.c:4162:12:uxTaskResetEventItemValue	0	static
tasks.c:4178:8:pvTaskIncrementMutexHeldCount	0	static
tasks.c:4195:11:ulTaskNotifyTake	24	static
tasks.c:4263:13:xTaskNotifyWait	32	static
tasks.c:4343:13:xTaskGenericNotify	24	static
tasks.c:4449:13:xTaskGenericNotifyFromISR	32	static
tasks.c:4573:7:vTaskNotifyGiveFromISR	24	static
tasks.c:4662:13:xTaskNotifyStateClear	16	static
