stm32f7xx_it.c:75:6:NMI_Handler	0	static
stm32f7xx_it.c:88:6:HardFault_Handler	0	static
stm32f7xx_it.c:106:6:MemManage_Handler	0	static
stm32f7xx_it.c:124:6:BusFault_Handler	0	static
stm32f7xx_it.c:142:6:UsageFault_Handler	0	static
stm32f7xx_it.c:160:6:DebugMon_Handler	0	static
stm32f7xx_it.c:173:6:SysTick_Handler	0	static
stm32f7xx_it.c:194:6:EXTI4_IRQHandler	0	static
stm32f7xx_it.c:208:6:DMA1_Stream1_IRQHandler	0	static
stm32f7xx_it.c:222:6:DMA1_Stream2_IRQHandler	0	static
stm32f7xx_it.c:236:6:DMA1_Stream3_IRQHandler	0	static
stm32f7xx_it.c:250:6:DMA1_Stream4_IRQHandler	0	static
stm32f7xx_it.c:264:6:ADC_IRQHandler	0	static
stm32f7xx_it.c:278:6:TIM1_UP_TIM10_IRQHandler	8	static
stm32f7xx_it.c:293:6:TIM1_TRG_COM_TIM11_IRQHandler	0	static
stm32f7xx_it.c:307:6:I2C2_EV_IRQHandler	0	static
stm32f7xx_it.c:321:6:SPI1_IRQHandler	0	static
stm32f7xx_it.c:335:6:USART1_IRQHandler	0	static
stm32f7xx_it.c:349:6:USART3_IRQHandler	0	static
stm32f7xx_it.c:363:6:DMA1_Stream7_IRQHandler	0	static
stm32f7xx_it.c:377:6:UART4_IRQHandler	0	static
stm32f7xx_it.c:391:6:TIM7_IRQHandler	0	static
stm32f7xx_it.c:405:6:DMA2_Stream0_IRQHandler	0	static
stm32f7xx_it.c:419:6:DMA2_Stream1_IRQHandler	0	static
stm32f7xx_it.c:433:6:DMA2_Stream2_IRQHandler	0	static
stm32f7xx_it.c:447:6:DMA2_Stream3_IRQHandler	0	static
stm32f7xx_it.c:461:6:DMA2_Stream4_IRQHandler	0	static
stm32f7xx_it.c:475:6:OTG_FS_IRQHandler	0	static
stm32f7xx_it.c:489:6:DMA2_Stream7_IRQHandler	0	static
