tim.c:71:6:MX_TIM2_Init	96	static
tim.c:124:6:MX_TIM3_Init	72	static
tim.c:158:6:MX_TIM4_Init	80	static
tim.c:194:6:MX_TIM5_Init	72	static
tim.c:228:6:MX_TIM7_Init	32	static
tim.c:251:6:MX_TIM10_Init	16	static
tim.c:267:6:MX_TIM11_Init	16	static
tim.c:283:6:MX_TIM14_Init	16	static
tim.c:299:6:HAL_TIM_Base_MspInit	64	static
tim.c:383:6:HAL_TIM_Encoder_MspInit	48	static
tim.c:435:6:HAL_TIM_PWM_MspInit	32	static
tim.c:470:6:HAL_TIM_MspPostInit	40	static
tim.c:517:6:HAL_TIM_Base_MspDeInit	8	static
tim.c:596:6:HAL_TIM_Encoder_MspDeInit	0	static
tim.c:637:6:HAL_TIM_PWM_MspDeInit	0	static
