usbd_conf.c:95:6:HAL_PCD_MspInit	48	static
usbd_conf.c:127:6:HAL_PCD_MspDeInit	8	static
usbd_conf.c:157:6:HAL_PCD_SetupStageCallback	0	static
usbd_conf.c:168:6:HAL_PCD_DataOutStageCallback	0	static
usbd_conf.c:179:6:HAL_PCD_DataInStageCallback	0	static
usbd_conf.c:189:6:HAL_PCD_SOFCallback	0	static
usbd_conf.c:199:6:HAL_PCD_ResetCallback	8	static
usbd_conf.c:229:6:HAL_PCD_SuspendCallback	8	static
usbd_conf.c:250:6:HAL_PCD_ResumeCallback	0	static
usbd_conf.c:264:6:HAL_PCD_ISOOUTIncompleteCallback	0	static
usbd_conf.c:275:6:HAL_PCD_ISOINIncompleteCallback	0	static
usbd_conf.c:285:6:HAL_PCD_ConnectCallback	0	static
usbd_conf.c:295:6:HAL_PCD_DisconnectCallback	0	static
usbd_conf.c:309:20:USBD_LL_Init	16	static
usbd_conf.c:345:20:USBD_LL_DeInit	8	static
usbd_conf.c:377:20:USBD_LL_Start	8	static
usbd_conf.c:409:20:USBD_LL_Stop	8	static
usbd_conf.c:444:20:USBD_LL_OpenEP	8	static
usbd_conf.c:477:20:USBD_LL_CloseEP	8	static
usbd_conf.c:510:20:USBD_LL_FlushEP	8	static
usbd_conf.c:543:20:USBD_LL_StallEP	8	static
usbd_conf.c:576:20:USBD_LL_ClearStallEP	8	static
usbd_conf.c:609:9:USBD_LL_IsStallEP	0	static
usbd_conf.c:629:20:USBD_LL_SetUSBAddress	8	static
usbd_conf.c:664:20:USBD_LL_Transmit	8	static
usbd_conf.c:699:20:USBD_LL_PrepareReceive	8	static
usbd_conf.c:732:10:USBD_LL_GetRxDataSize	8	static
usbd_conf.c:743:6:HAL_PCDEx_LPM_Callback	8	static
usbd_conf.c:779:6:USBD_LL_Delay	0	static
