port.c:253:13:prvTaskExitError	0	static
port.c:286:13:prvPortStartFirstTask	0	static
port.c:679:13:vPortEnableVFP	0	static
port.c:223:14:pxPortInitialiseStack	12	static
port.c:267:6:SVC_Handler	0	static
port.c:387:6:vPortEndScheduler	0	static
port.c:395:6:vPortEnterCritical	0	static
port.c:412:6:vPortExitCritical	0	static
port.c:423:6:PendSV_Handler	0	static
port.c:483:6:xPortSysTickHandler	8	static
port.c:661:30:vPortSetupTimerInterrupt	0	static
port.c:306:12:xPortStartScheduler	24	static
port.c:695:7:vPortValidateInterruptPriority	0	static
